RAM Allocation
Variable                                                          Address   Size
--------------------------------------------------------------------------------
tampil                                                            0x026E      32
angka                                                             0x028E      60
_seed                                                             0x02CA       4
_base_y                                                           0x02CE       4

EEPROM Allocation
Variable                                                          Address   Size
--------------------------------------------------------------------------------

Register Allocation
Variable                                                          Register  Size
--------------------------------------------------------------------------------
detik                                                             R4,R5        2
menit                                                             R6,R7        2
_lcd_x                                                            R9           1
_lcd_y                                                            R8           1
_lcd_maxx                                                         R11          1
